[www.swapdigit.com/index.html]
[backblue.gif]
[fade.gif]
[index.html]
[connect.facebook.net/en_US/fbevents.js]
[www.swapdigit.com/img/favicon.png]
[translate.google.com/translate_a/elementa0d8.js]
[use.fontawesome.com/releases/v5.5.0/css/all.css]
[cdnjs.cloudflare.com/ajax/libs/font-awesome/6.7.2/css/all.min.css]
[www.swapdigit.com/index-2.html]
[www.swapdigit.com/img/logo.png]
[www.swapdigit.com/about.html]
[www.swapdigit.com/our-team.html]
[www.swapdigit.com/technology.html]
[www.swapdigit.com/software-development-in-india.html]
[www.swapdigit.com/website-development-in-india.html]
[www.swapdigit.com/mobileapp-development-in-india.html]
[www.swapdigit.com/digital-marketing-in-india.html]
[www.swapdigit.com/e-commerce-in-india.html]
[www.swapdigit.com/seo-sem-in-india.html]
[www.swapdigit.com/mlm-software-in-india.html]
[www.swapdigit.com/live-project-training-in-bareilly.html]
[www.swapdigit.com/summer-training-in-bareilly.html]
[www.swapdigit.com/industrial-training-in-bareilly.html]
[www.swapdigit.com/live-project-in-bareilly.html]
[www.swapdigit.com/php-course-training-in-bareilly.html]
[www.swapdigit.com/java-course-training-in-bareilly.html]
[www.swapdigit.com/nodejs-course-training-in-bareilly.html]
[www.swapdigit.com/datascience-course-training-in-bareilly.html]
[www.swapdigit.com/python-course-in-bareilly.html]
[www.swapdigit.com/machine-learning-course-training-in-bareilly.html]
[www.swapdigit.com/web-designing-course-training-in-bareilly.html]
[www.swapdigit.com/web-development-course-training-in-bareilly.html]
[www.swapdigit.com/health-industries.html]
[www.swapdigit.com/education-industries.html]
[www.swapdigit.com/financial-industries.html]
[www.swapdigit.com/e-commerce-industries.html]
[www.swapdigit.com/automobile-industries.html]
[www.swapdigit.com/agriculture-industries.html]
[www.swapdigit.com/manufacturing-industries.html]
[www.swapdigit.com/contact.html]
[www.swapdigit.com/assets/images/slider/1.jpg]
[www.swapdigit.com/assets/images/slider/website.jpg]
[www.swapdigit.com/assets/images/whychoose.gif]
[www.swapdigit.com/assets/images/about_image.gif]
[www.swapdigit.com/assets/images/blog/development.png]
[www.swapdigit.com/software-development-in-india-2.html]
[www.swapdigit.com/assets/images/blog/web-development.png]
[www.swapdigit.com/website-development-in-india-2.html]
[www.swapdigit.com/assets/images/blog/mobile-app-development.png]
[www.swapdigit.com/mobileapp-development-in-india-2.html]
[www.swapdigit.com/e-commerce-in-india-2.html]
[www.swapdigit.com/assets/images/blog/seo.png]
[www.swapdigit.com/assets/images/testimonials/profile.png]
[www.swapdigit.com/assets/images/clients/1.png]
[www.swapdigit.com/assets/images/clients/2.png]
[www.swapdigit.com/assets/images/clients/3.png]
[www.swapdigit.com/assets/images/clients/4.png]
[www.swapdigit.com/assets/images/clients/5.png]
[www.swapdigit.com/assets/images/clients/6.png]
[www.swapdigit.com/assets/images/clients/7.png]
[www.swapdigit.com/assets/images/clients/8.png]
[www.swapdigit.com/assets/images/clients/9.png]
[www.swapdigit.com/assets/images/clients/10.png]
[www.swapdigit.com/assets/images/clients/11.png]
[www.swapdigit.com/assets/images/clients/12.png]
[www.swapdigit.com/assets/images/clients/13.png]
[www.swapdigit.com/assets/images/clients/14.png]
[www.swapdigit.com/assets/images/clients/15.png]
[www.swapdigit.com/assets/images/clients/16.png]
[www.swapdigit.com/assets/images/clients/17.png]
[www.swapdigit.com/assets/images/clients/18.png]
[www.swapdigit.com/assets/images/clients/19.png]
[www.swapdigit.com/assets/images/clients/20.png]
[www.swapdigit.com/assets/images/clients/21.png]
[www.swapdigit.com/assets/images/clients/22.png]
[www.swapdigit.com/assets/images/clients/23.png]
[www.swapdigit.com/assets/images/clients/24.png]
[www.swapdigit.com/assets/images/clients/25.png]
[www.swapdigit.com/assets/images/clients/26.png]
[www.swapdigit.com/assets/images/clients/27.png]
[www.swapdigit.com/assets/images/clients/28.png]
[www.swapdigit.com/asp.net-course-training-in-bareilly.html]
[www.swapdigit.com/disclaimer.html]
[www.swapdigit.com/privacy-policy.html]
[www.swapdigit.com/terms-conditions.html]
[www.swapdigit.com/refund-cancellation.html]
[checkout.razorpay.com/v1/payment-button.js]
[www.swapdigit.com/assets/js/jquery.min.js]
[www.swapdigit.com/assets/js/bootstrap.min.js]
[www.swapdigit.com/assets/js/jquery-plugin-collection.js]
[www.swapdigit.com/assets/js/script.js]
[www.swapdigit.com/index.html]
[connect.facebook.net/en_US/fbevents.js]
[www.swapdigit.com/assets/fonts/themify9f249f24.eot]
[www.swapdigit.com/assets/fonts/themifyd41dd41d.eot]
[www.swapdigit.com/assets/fonts/themify9f249f24.woff]
[www.swapdigit.com/assets/fonts/themify9f249f24.ttf]
[www.swapdigit.com/assets/css/themify-icons.css]
[www.swapdigit.com/assets/fonts/Flaticon.eot]
[www.swapdigit.com/assets/fonts/Flaticond41dd41d.eot]
[www.swapdigit.com/assets/fonts/Flaticon.woff]
[www.swapdigit.com/assets/fonts/Flaticon.ttf]
[www.swapdigit.com/assets/css/flaticon.css]
[www.swapdigit.com/assets/fonts/glyphicons-halflings-regular.eot]
[www.swapdigit.com/assets/fonts/glyphicons-halflings-regulard41dd41d.eot]
[www.swapdigit.com/assets/fonts/glyphicons-halflings-regular.woff2]
[www.swapdigit.com/assets/fonts/glyphicons-halflings-regular.woff]
[www.swapdigit.com/assets/fonts/glyphicons-halflings-regular.ttf]
[www.swapdigit.com/assets/css/bootstrap.min.css]
[www.swapdigit.com/assets/css/animate.css]
[www.swapdigit.com/assets/css/owl.video.play.html]
[www.swapdigit.com/assets/css/owl.carousel.css]
[www.swapdigit.com/assets/css/owl.theme.css]
[www.swapdigit.com/assets/css/slick.css]
[www.swapdigit.com/assets/images/ajax-loader.gif]
[www.swapdigit.com/assets/fonts/slick.eot]
[www.swapdigit.com/assets/fonts/slickd41dd41d.eot]
[www.swapdigit.com/assets/fonts/slick.woff]
[www.swapdigit.com/assets/fonts/slick.ttf]
[www.swapdigit.com/assets/css/slick-theme.css]
[www.swapdigit.com/assets/css/owl.transitions.css]
[www.swapdigit.com/assets/images/fancybox/fancybox_sprite.png]
[www.swapdigit.com/assets/images/fancybox/fancybox_loading.gif]
[www.swapdigit.com/assets/images/fancybox/blank.gif]
[www.swapdigit.com/assets/images/fancybox/fancybox_overlay.png]
[www.swapdigit.com/assets/images/fancybox/fancybox_sprite@2x.png]
[www.swapdigit.com/assets/images/fancybox/fancybox_loading@2x.gif]
[www.swapdigit.com/assets/css/jquery.fancybox.css]
[www.swapdigit.com/assets/images/page-title.jpg]
[www.swapdigit.com/assets/images/cta-bg.jpg]
[www.swapdigit.com/assets/images/testimonials/bg.jpg]
[www.swapdigit.com/assets/images/testimonials/quote.png]
[www.swapdigit.com/assets/images/contact-dotted-map.png]
[www.swapdigit.com/assets/css/style.css]
[use.fontawesome.com/releases/v5.5.0/css/all.css]
[cdnjs.cloudflare.com/ajax/libs/font-awesome/6.7.2/css/all.min.css]
[www.swapdigit.com/index-2.html]
[www.swapdigit.com/about-2.html]
[cdn.hashnode.com/res/hashnode/image/upload/v1602040503586/FW6g79WBY.png]
[www.swapdigit.com/assets/images/about-us.png]
[www.swapdigit.com/assets/images/about-img4.jpg]
[www.swapdigit.com/about.html]
[www.swapdigit.com/assets/images/team/haider.png]
[www.swapdigit.com/assets/images/team/anshul.png]
[www.swapdigit.com/assets/images/team/ahmad.png]
[www.swapdigit.com/assets/images/team/shweta.png]
[www.swapdigit.com/assets/images/team/rizwan.png]
[www.swapdigit.com/assets/images/team/vivek.png]
[www.swapdigit.com/assets/images/team/gulrez.png]
[www.swapdigit.com/our-team.html]
[www.swapdigit.com/html-development.html]
[www.swapdigit.com/assets/images/icon/html3d.jpg]
[www.swapdigit.com/css-development.html]
[www.swapdigit.com/assets/images/icon/css3d.jpg]
[www.swapdigit.com/javascript-development.html]
[www.swapdigit.com/assets/images/icon/javascript3d.jpg]
[www.swapdigit.com/bootstrap-development.html]
[www.swapdigit.com/assets/images/icon/bootstrap.png]
[www.swapdigit.com/react-development.html]
[www.swapdigit.com/assets/images/icon/react3d.webp]
[www.swapdigit.com/angular-js-development.html]
[www.swapdigit.com/assets/images/icon/angular3d.jpg]
[www.swapdigit.com/php-development.html]
[www.swapdigit.com/assets/images/icon/php3d.webp]
[www.swapdigit.com/laravel-development.html]
[www.swapdigit.com/assets/images/icon/laravel1.jpg]
[www.swapdigit.com/codeigniter-development.html]
[www.swapdigit.com/assets/images/icon/codeigniter3d.png]
[www.swapdigit.com/java-development.html]
[www.swapdigit.com/assets/images/icon/java3d.webp]
[www.swapdigit.com/android-development.html]
[www.swapdigit.com/assets/images/icon/android3d.png]
[www.swapdigit.com/flutter-development.html]
[www.swapdigit.com/assets/images/icon/flutter3d.png]
[www.swapdigit.com/nodejs-development.html]
[www.swapdigit.com/assets/images/icon/njs.webp]
[www.swapdigit.com/ms.net-development.html]
[www.swapdigit.com/salesforce-development.html]
[www.swapdigit.com/assets/images/icon/salesforce3d.jpg]
[www.swapdigit.com/wordpress-development.html]
[www.swapdigit.com/assets/images/icon/wordpress3d.webp]
[www.swapdigit.com/shopify-development.html]
[www.swapdigit.com/assets/images/icon/shopify3d.webp]
[www.swapdigit.com/photoshop-development.html]
[www.swapdigit.com/assets/images/icon/photoshop1.png]
[www.swapdigit.com/technology.html]
[www.swapdigit.com/assets/images/service-single/4.png]
[www.swapdigit.com/software-development-in-india.html]
[www.swapdigit.com/website-development-in-bareilly.html]
[www.swapdigit.com/assets/images/service-single/6.png]
[www.swapdigit.com/website-development-in-india.html]
[www.swapdigit.com/assets/images/service-single/8.png]
[www.swapdigit.com/mobileapp-development-in-india.html]
[www.swapdigit.com/digital-marketing-in-india.html]
[www.swapdigit.com/assets/images/service-single/5.png]
[www.swapdigit.com/assets/images/service-single/9.png]
[www.swapdigit.com/e-commerce-in-india.html]
[www.swapdigit.com/assets/images/service-single/7.png]
[www.swapdigit.com/seo-sem-in-india.html]
[www.swapdigit.com/assets/images/service-single/10.png]
[www.swapdigit.com/mlm-software-in-india.html]
[www.swapdigit.com/assets/images/course-images/webiste-development-course-training-in-bareilly.png]
[www.swapdigit.com/summer-training-in-bareilly-2.html]
[www.swapdigit.com/java-course-training-in-bareilly-2.html]
[www.swapdigit.com/nodejs-course-training-in-bareilly-2.html]
[www.swapdigit.com/software-development-in-bareilly.html]
[www.swapdigit.com/mobileapp-development-in-bareilly.html]
[www.swapdigit.com/digital-marketing-in-bareilly.html]
[www.swapdigit.com/e-commerce-in-bareilly.html]
[www.swapdigit.com/seo-sem-in-bareilly.html]
[www.swapdigit.com/live-project-training-in-bareilly.html]
[www.swapdigit.com/mlm-software-in-bareilly.html]
[www.swapdigit.com/summer-training-in-bareilly.html]
[www.swapdigit.com/industrial-training-in-bareilly.html]
[www.swapdigit.com/live-project-in-bareilly.html]
[www.swapdigit.com/php-course-training-in-bareilly.html]
[www.swapdigit.com/java-course-training-in-bareilly.html]
[www.swapdigit.com/nodejs-course-training-in-bareilly.html]
[www.swapdigit.com/datascience-course-training-in-bareilly.html]
[www.swapdigit.com/python-course-in-bareilly.html]
[www.swapdigit.com/machine-learning-course-training-in-bareilly.html]
[www.swapdigit.com/web-designing-course-training-in-bareilly.html]
[www.swapdigit.com/web-development-course-training-in-bareilly.html]
[www.swapdigit.com/health-industries-2.html]
[www.swapdigit.com/education-industries-2.html]
[www.swapdigit.com/financial-industries-2.html]
[www.swapdigit.com/automobile-industries-2.html]
[www.swapdigit.com/health-industries.html]
[www.swapdigit.com/manufacturing-industries-2.html]
[www.swapdigit.com/education-industries.html]
[www.swapdigit.com/financial-industries.html]
[www.swapdigit.com/e-commerce-industries.html]
[www.swapdigit.com/automobile-industries.html]
[www.swapdigit.com/agriculture-industries.html]
[www.swapdigit.com/manufacturing-industries.html]
[www.swapdigit.com/contact.html]
[www.swapdigit.com/software-development-in-india-2.html]
[www.swapdigit.com/website-development-in-india-2.html]
[www.swapdigit.com/mobileapp-development-in-india-2.html]
[www.doorsstudio.com/assets/media/86x86/Copy_Writing.html]
[www.swapdigit.com/digital-marketing-in-india.php]
[www.swapdigit.com/assets/images/blog/eco.png]
[www.swapdigit.com/e-commerce-in-india-2.html]
[www.swapdigit.com/asp.net-course-training-in-bareilly.html]
[www.swapdigit.com/disclaimer.html]
[www.swapdigit.com/privacy-policy.html]
[www.swapdigit.com/terms-conditions.html]
[www.swapdigit.com/refund-cancellation.html]
[www.swapdigit.com/schema.org/index.html]
[www.swapdigit.com/assets/fonts/themify9f249f24.svg]
[www.swapdigit.com/assets/fonts/Flaticon.svg]
[www.swapdigit.com/assets/fonts/glyphicons-halflings-regular.svg]
[www.swapdigit.com/assets/css/owl.video.play.html]
[www.swapdigit.com/assets/fonts/slick.svg]
[www.swapdigit.com/about-2.html]
[www.swapdigit.com/img/index.html]
[www.swapdigit.com/assets/images/icon/html.jpg]
[www.swapdigit.com/html-development.html]
[www.swapdigit.com/assets/images/icon/css.jpg]
[www.swapdigit.com/css-development.html]
[www.swapdigit.com/assets/images/icon/js.jpg]
[www.swapdigit.com/javascript-development.html]
[www.swapdigit.com/assets/images/icon/boot.jpg]
[www.swapdigit.com/bootstrap-development.html]
[www.swapdigit.com/assets/images/icon/react.jpg]
[www.swapdigit.com/react-development.html]
[www.swapdigit.com/angular-js-development.html]
[www.swapdigit.com/php-development.html]
[www.swapdigit.com/assets/images/icon/laravel.jpg]
[www.swapdigit.com/laravel-development.html]
[www.swapdigit.com/assets/images/icon/code.jpg]
[www.swapdigit.com/codeigniter-development.html]
[www.swapdigit.com/java-development.html]
[www.swapdigit.com/android-development.html]
[www.swapdigit.com/flutter-development.html]
[www.swapdigit.com/nodejs-development.html]
[www.swapdigit.com/assets/images/icon/asp.jpg]
[www.swapdigit.com/ms.net-development.html]
[www.swapdigit.com/assets/images/icon/ms.net3d.svg]
[www.swapdigit.com/salesforce-development.html]
[www.swapdigit.com/assets/images/icon/word.jpg]
[www.swapdigit.com/wordpress-development.html]
[www.swapdigit.com/assets/images/icon/shopify.webp]
[www.swapdigit.com/shopify-development.html]
[www.swapdigit.com/photoshop-development.html]
[www.swapdigit.com/website-development-in-bareilly.html]
[www.swapdigit.com/summer-training-in-bareilly-2.html]
[www.swapdigit.com/java-course-training-in-bareilly-2.html]
[www.swapdigit.com/nodejs-course-training-in-bareilly-2.html]
[www.swapdigit.com/software-development-in-bareilly.html]
[www.swapdigit.com/mobileapp-development-in-bareilly.html]
[www.swapdigit.com/digital-marketing-in-bareilly.html]
[www.swapdigit.com/e-commerce-in-bareilly.html]
[www.swapdigit.com/seo-sem-in-bareilly.html]
[www.swapdigit.com/mlm-software-in-bareilly.html]
[www.swapdigit.com/health-industries-2.html]
[www.swapdigit.com/education-industries-2.html]
[www.swapdigit.com/financial-industries-2.html]
[www.swapdigit.com/automobile-industries-2.html]
[www.swapdigit.com/manufacturing-industries-2.html]
[www.swapdigit.com/digital-marketing-in-india.php]
[www.swapdigit.com/contact-2.html]
